c parsed a formula with 2068 variables and 13935 clauses
c FAILED: multiple literals unassigned in hint 131: 521 522
c failed while checking clause: -1327 72 254 321 741 781 -1004 0
c check redundancy res: 0 pivot: -1327 start: 0
c hint 1
c 1 0
c unit 1
c hint 2
c 6 0
c unit 6
c hint 6
c 23 0
c unit 23
c hint 3648
c -1 -249 0
c unit -249
c hint 3652
c -1 -293 0
c unit -293
c hint 3668
c -1 -737 0
c unit -737
c hint 3676
c -1 -809 0
c unit -809
c hint 3680
c -1 -821 0
c unit -821
c hint 3696
c -1 -1253 0
c unit -1253
c hint 3700
c -1 -1261 0
c unit -1261
c hint 3708
c -1 -1513 0
c unit -1513
c hint 3712
c -1 -1521 0
c unit -1521
c hint 3809
c -6 -1010 0
c unit -1010
c hint 3813
c -6 -1022 0
c unit -1022
c hint 3817
c -6 -1042 0
c unit -1042
c hint 4026
c -23 -735 0
c unit -735
c hint 4038
c -23 -799 0
c unit -799
c hint 4046
c -23 -843 0
c unit -843
c hint 5995
c -240 -1004 0
c unit -240
c hint 9563
c -784 -1004 0
c unit -784
c hint 10651
c -1004 -1028 0
c unit -1028
c hint 10655
c -1004 -1044 0
c unit -1044
c hint 25722
c -1004 -744 0
c unit -744
c hint 25871
c -1514 -1004 0
c unit -1514
c hint 26097
c -1310 -1004 0
c unit -1310
c hint 25378
c -1280 -1004 1514 0
c unit -1280
c hint 24395
c -320 254 744 -1004 1310 0
c unit -320
c hint 25635
c 825 254 741 744 781 -1004 1310 0
c unit 825
c hint 24425
c 764 254 741 744 781 -1004 1310 0
c unit 764
c hint 26560
c 781 72 741 -1004 1081 -1327 0
c unit 1081
c hint 26355
c -1327 741 781 -1004 1270 0
c unit 1270
c hint 9574
c -783 -1327 0
c unit -783
c hint 9794
c -823 -1327 0
c unit -823
c hint 9922
c -851 -1327 0
c unit -851
c hint 10690
c -1011 -1327 0
c unit -1011
c hint 10794
c -1043 -1327 0
c unit -1043
c hint 10954
c -1083 -1327 0
c unit -1083
c hint 11438
c -1279 -1327 0
c unit -1279
c hint 27567
c -1327 631 741 744 781 0
c unit 631
c hint 261
c 1041 1042 1043 1044 0
c unit 1041
c hint 26057
c 121 254 320 741 781 -1004 1310 0
c unit 121
c hint 9808
c -825 -1025 0
c unit -1025
c hint 1662
c -762 -764 0
c unit -762
c hint 9467
c -764 -812 0
c unit -812
c hint 9503
c -764 -1524 0
c unit -1524
c hint 2138
c -1081 -1082 0
c unit -1082
c hint 6268
c -273 -1081 0
c unit -273
c hint 6596
c -313 -1081 0
c unit -313
c hint 10944
c -1081 -1277 0
c unit -1277
c hint 6429
c -294 -1270 0
c unit -294
c hint 9301
c -738 -1270 0
c unit -738
c hint 9681
c -806 -1270 0
c unit -806
c hint 196
c 781 782 783 784 0
c unit 782
c hint 8666
c -631 -811 0
c unit -811
c hint 8678
c -631 -1263 0
c unit -1263
c hint 9628
c -797 -1041 0
c unit -797
c hint 9904
c -849 -1041 0
c unit -849
c hint 700
c -121 -124 0
c unit -124
c hint 5048
c -121 -297 0
c unit -297
c hint 23826
c -1004 741 744 762 -1288 -1327 1514 0
c unit -1288
c hint 14277
c -252 1011 1082 1083 1279 1280 0
c unit -252
c hint 320
c 1277 1278 1279 1280 0
c unit 1278
c hint 6261
c -274 -782 0
c unit -274
c hint 203
c 809 810 811 812 0
c unit 810
c hint 26695
c 124 -1004 1309 1514 0
c unit 1309
c hint 6477
c -298 -1278 0
c unit -298
c hint 9265
c -734 -1278 0
c unit -734
c hint 9641
c -798 -1278 0
c unit -798
c hint 11397
c -1254 -1278 0
c unit -1254
c hint 9329
c -742 -810 0
c unit -742
c hint 9701
c -810 -850 0
c unit -850
c hint 9688
c -805 -1309 0
c unit -805
c hint 9884
c -841 -1309 0
c unit -841
c hint 10728
c -1021 -1309 0
c unit -1021
c hint 10900
c -1065 -1309 0
c unit -1065
c hint 200
c 797 798 799 800 0
c unit 800
c hint 186
c 741 742 743 744 0
c unit 743
c hint 213
c 849 850 851 852 0
c unit 852
c hint 9627
c -800 -844 0
c unit -844
c hint 9354
c -743 -1515 0
c unit -1515
c hint 9775
c -824 -852 0
c unit -824
c hint 9903
c -852 -1024 0
c unit -1024
c hint 211
c 841 842 843 844 0
c unit 842
c hint 379
c 1513 1514 1515 1516 0
c unit 1516
c hint 206
c 821 822 823 824 0
c unit 822
c hint 256
c 1021 1022 1023 1024 0
c unit 1023
c hint 6713
c -330 -842 0
c unit -330
c hint 9877
c -842 -1026 0
c unit -1026
c hint 9319
c -740 -1516 0
c unit -740
c hint 9785
c -822 -1262 0
c unit -1262
c hint 9797
c -822 -1334 0
c unit -1334
c hint 6410
c -295 -1023 0
c unit -295
c hint 10734
c -1023 -1335 0
c unit -1335
c hint 257
c 1025 1026 1027 1028 0
c unit 1027
c hint 185
c 737 738 739 740 0
c unit 739
c hint 316
c 1261 1262 1263 1264 0
c unit 1264
c hint 74
c 293 294 295 296 0
c unit 296
c hint 6462
c -299 -1027 0
c unit -299
c hint 7746
c -487 -739 0
c unit -487
c hint 9286
c -739 -807 0
c unit -807
c hint 6607
c -316 -1264 0
c unit -316
c hint 5023
c -120 -296 0
c unit -120
c hint 6387
c -296 -324 0
c unit -324
c hint 6415
c -296 -1068 0
c unit -1068
c hint 6419
c -296 -1092 0
c unit -1092
c hint 6427
c -296 -1256 0
c unit -1256
c hint 75
c 297 298 299 300 0
c unit 300
c hint 202
c 805 806 807 808 0
c unit 808
c hint 15185
c 276 240 273 274 1065 1068 0
c unit 276
c hint 314
c 1253 1254 1255 1256 0
c unit 1255
c hint 7935
c -520 -808 0
c unit -520
c hint 9255
c -736 -808 0
c unit -736
c hint 6255
c -276 -488 0
c unit -488
c hint 5046
c -119 -1255 0
c unit -119
c hint 184
c 733 734 735 736 0
c unit 733
c hint 9256
c -733 -1009 0
c unit -1009
c hint 253
c 1009 1010 1011 1012 0
c unit 1012
c hint 10695
c -1012 -1336 0
c unit -1336
c hint 334
c 1333 1334 1335 1336 0
c unit 1333
c hint 10972
c -1089 -1333 0
c unit -1089
c hint 14430
c -1523 119 120 252 -300 321 324 330 -825 1065 1089 1092 1288 0
c unit -1523
c hint 381
c 1521 1522 1523 1524 0
c unit 1522
c hint 6137
c -250 -1522 0
c unit -250
c hint 63
c 249 250 251 252 0
c unit 251
c hint 6090
c -251 -315 0
c unit -315
c hint 6118
c -251 -1091 0
c unit -1091
c hint 79
c 313 314 315 316 0
c unit 314
c hint 273
c 1089 1090 1091 1092 0
c unit 1090
c hint 6581
c -314 -518 0
c unit -518
c hint 6681
c -322 -1090 0
c unit -322
c hint 7753
c -486 -1090 0
c unit -486
c hint 81
c 321 322 323 324 0
c unit 323
c hint 122
c 485 486 487 488 0
c unit 485
c hint 6674
c -323 -519 0
c unit -519
c hint 7732
c -485 -517 0
c unit -517
c hint 131
c 521 522 523 524 0
c FAILED: multiple literals unassigned in hint 131: 521 522
c WARNING: Verification incomplete. Last line checked = 27611
c NOT VERIFIED
c allocated 1024 141090 20680
c Added clauses = 27609.  Deleted clauses = 19301.  Max live clauses = 13935
c verification time = 0.16 secs
